{

  "projectName": "single_pin.x_t",

  "quotationCondition": {
    "material": "SKH51 (58～60HRC)",
    "surfaceTreatment": "なし",
    "ToleranceGrade": "並級"
  },

  "quotationConditionInPartsView": {
    "quantity": 2
  },

  "partNames": {
    "part1": "コアピン"
  }

}