{
  "projectName": "multiple_pins.SLDPRT",

  "quotationCondition": {
    "material": "SKH51 (58～60HRC)",
    "surfaceTreatment": "なし",
    "toleranceGrade": "並級"
  },

  "quotationConditionInPartsView": {
    "quantity": 3
  },

  "partNames": {
    "part1": "角エジェクタピン",
    "part2": "コアピン",
    "part3": "エジェクタピン",
    "part4": "コアピン",
    "part5": "段付きエジェクタピン",
    "part6": "エジェクタピン",
    "part7": "エジェクタピン"
  },

  "grouping": [ 2, 5, 12,4 ]

}

